// Jest Snapshot v1, https://goo.gl/fbAQLP

exports[`the app component should render correctly 1`] = `
<div>
  Welcome to the app!
</div>
`;
